Found files with textual diffs.

Summary:
(Note: Lower is better)

Total bytes of diff: -2
    diff is an improvement.

Top file improvements by size (bytes):
    -2 : test.dasm

1 total files with size differences.

Top method improvements by size (bytes):
    -2 : test.dasm - System.ArraySegment`1[__Canon][System.__Canon]:System.Collections.Generic.IReadOnlyList<T>.get_Item(int):ref:this

1 total methods with size differences.
